---
source: tests/tests/serde/adjacently_tagged.rs
expression: "assert_ts_inline2::<A>()"
---
Ok(
    "{ t: \"A\" } | { t: \"B\"; c: { id: string; method: string } } | { t: \"C\"; c: string }",
)
